AbandonAbort
AbandonPolicy
AbandonPolicy.String
AbandonQuiet
ActivateAuthKey
AdaptationIndication
AdaptationIndication.Type
Addr
Addr.Network
Addr.String
AddrAdded
AddrAvailable
AddrChangeReason
AddrChangeReason.String
AddrChangeState
AddrChangeState.String
AddrConfirmed
AddrMadePrimary
AddrPotentiallyFailed
AddrRemoved
AddrUnreachable
AssocCantStart
AssocChange
AssocChange.Type
AssocChangeState
AssocChangeState.String
AssocCommLost
AssocCommUp
AssocID
AssocInfo
AssocReset
AssocReset.Type
AssocRestart
AssocShutdownComplete
AssocState
AssocState.String
AssocStats
AuthEvent
AuthEvent.Type
AuthFreeKey
AuthIndication
AuthIndication.String
AuthNewKey
AuthNoAuth
CauseCookieInShutdown
CauseDeleteLastAddr
CauseDeleteSourceAddr
CauseIllegalASCONFAck
CauseInvalidParam
CauseInvalidStream
CauseMissingParam
CauseNoUserData
CauseNone
CauseOutOfResource
CauseProtocolViolation
CauseRequestRefused
CauseResourceShortage
CauseRestartNewAddrs
CauseRestartNewEncapPort
CauseStaleCookie
CauseUnrecognizedChunk
CauseUnrecognizedParams
CauseUnresolvableAddr
CauseUnsupportedHMAC
CauseUserAbort
Config
Config.Dial
Config.FileConn
Config.FileListener
Config.Listen
Config.ListenEndpoint
Config.OpenEndpoint
Conn
Conn.ASCONFSupported
Conn.Abort
Conn.ActiveAuthKey
Conn.AdaptationLayer
Conn.AddStreams
Conn.AssocID
Conn.AssocInfo
Conn.AuthSupported
Conn.AutoASCONF
Conn.BindAdd
Conn.BindRemove
Conn.Close
Conn.CloseWithTimeout
Conn.DeactivateAuthKey
Conn.DefaultContext
Conn.DefaultPrInfo
Conn.DefaultSndInfo
Conn.DelayedSACK
Conn.DeleteAuthKey
Conn.ECNSupported
Conn.FragmentInterleave
Conn.FragmentsDisabled
Conn.HMACIdentifiers
Conn.InitMsg
Conn.InterleavingSupported
Conn.LocalAddr
Conn.LocalAddrs
Conn.LocalAuthChunks
Conn.MaxBurst
Conn.MaxSeg
Conn.NoDelay
Conn.PFExposure
Conn.PLPMTUDProbeInterval
Conn.PRAssocStatus
Conn.PRStreamStatus
Conn.PRSupported
Conn.PartialDeliveryPoint
Conn.PathInfo
Conn.PathParams
Conn.PathThresholds
Conn.PeerAddrs
Conn.PeerAuthChunks
Conn.PrimaryAddr
Conn.RTOInfo
Conn.Read
Conn.ReadBuffer
Conn.ReadMsg
Conn.ReceiveNxtInfo
Conn.ReconfigSupported
Conn.RecvMsg
Conn.RemoteAddr
Conn.RemoteUDPEncapsPort
Conn.RequestHeartbeat
Conn.RequestPeerPrimary
Conn.ResetAssoc
Conn.ResetStreams
Conn.SendMsg
Conn.SetActiveAuthKey
Conn.SetAssocInfo
Conn.SetAuthKey
Conn.SetAutoASCONF
Conn.SetDeadline
Conn.SetDefaultContext
Conn.SetDefaultPrInfo
Conn.SetDefaultSndInfo
Conn.SetDelayedSACK
Conn.SetFragmentInterleave
Conn.SetFragmentsDisabled
Conn.SetMaxBurst
Conn.SetMaxSeg
Conn.SetNoDelay
Conn.SetPFExposure
Conn.SetPLPMTUDProbeInterval
Conn.SetPartialDeliveryPoint
Conn.SetPathParams
Conn.SetPathThresholds
Conn.SetPrimaryAddr
Conn.SetRTOInfo
Conn.SetReadBuffer
Conn.SetReadDeadline
Conn.SetReceiveNxtInfo
Conn.SetRemoteUDPEncapsPort
Conn.SetStreamResetMask
Conn.SetStreamScheduler
Conn.SetStreamSchedulerValue
Conn.SetWriteBuffer
Conn.SetWriteDeadline
Conn.Shutdown
Conn.Stats
Conn.Status
Conn.StreamResetMask
Conn.StreamScheduler
Conn.StreamSchedulerValue
Conn.Subscribe
Conn.Subscribed
Conn.SyscallConn
Conn.Write
Conn.WriteBuffer
DelayedSACK
Dial
EnableChangeAssocReq
EnableResetAssocReq
EnableResetStreamReq
Endpoint
Endpoint.Abort
Endpoint.AbortAssoc
Endpoint.Addr
Endpoint.AssocCount
Endpoint.AssocIDs
Endpoint.AutoClose
Endpoint.BindAdd
Endpoint.BindRemove
Endpoint.Close
Endpoint.CloseAssoc
Endpoint.Connect
Endpoint.LocalAddrs
Endpoint.Network
Endpoint.PeelOff
Endpoint.PeerAddrs
Endpoint.RecvMsg
Endpoint.SendMsg
Endpoint.SetAutoClose
Endpoint.SetDeadline
Endpoint.SetReadDeadline
Endpoint.SetWriteDeadline
Endpoint.SyscallConn
ErrAssocListTooLarge
ErrControlTruncated
ErrInvalidAssocList
ErrInvalidRcvInfo
ErrMessageInterrupted
ErrMessageTooLong
ErrMissingRcvInfo
ErrNotificationTooLong
ErrShortNotification
ErrUnsupported
ErrorCause
ErrorCause.String
EventAdaptationIndication
EventAssocChange
EventAssocReset
EventAuthentication
EventPartialDelivery
EventPeerAddrChange
EventRemoteError
EventSendFailed
EventSenderDry
EventShutdown
EventStreamChange
EventStreamReset
EventType
EventType.String
FileConn
FileListener
FragmentInterleave
FragmentInterleave.String
HMACID
HMACID.String
HMACSHA1
HMACSHA256
InitMsg
InstallAuthKey
InterleaveAssocs
InterleaveNone
InterleaveStreams
Listen
ListenEndpoint
Listener
Listener.Accept
Listener.AcceptSCTP
Listener.Addr
Listener.BindAdd
Listener.BindRemove
Listener.Close
Listener.SetDeadline
Listener.SyscallConn
MsgInfo
Notification
NotificationHandler
NotificationMaxSize
NotificationReassemblyLimit
NxtInfo
OpenEndpoint
PFExposeDisabled
PFExposeEnabled
PFExposeUnset
PFExposure
PFExposure.String
PRAll
PRNone
PRPolicy
PRPolicy.String
PRPrio
PRRtx
PRStatus
PRTTL
ParseNotification
PartialDelivery
PartialDelivery.Type
PathActive
PathInactive
PathInfo
PathParams
PathPotentiallyFailed
PathState
PathState.String
PathThresholds
PathUnconfirmed
PathUnknown
PeerAddrChange
PeerAddrChange.Type
PrInfo
RTOInfo
RcvInfo
ReasonFailedThreshold
ReasonHeartbeatSuccess
ReasonInternalError
ReasonNone
ReasonPeerFaulty
ReasonReceivedSACK
ReasonResponseToUserReq
ReasonShutdownGuardExpires
RemoteError
RemoteError.Type
ResetDirection
ResetDirection.String
ResetIncoming
ResetOutgoing
ResolveAddr
SchedFC
SchedFCFS
SchedPrio
SchedRR
SchedWFQ
Scheduler
Scheduler.String
SendFailed
SendFailed.Type
SendFlags
SendFlags.String
SendOptions
SendSACKImmediately
SendUnordered
SenderDry
SenderDry.Type
Shutdown
Shutdown.Type
SndInfo
StateClosed
StateCookieEchoed
StateCookieWait
StateEmpty
StateEstablished
StateShutdownAckSent
StateShutdownPending
StateShutdownReceived
StateShutdownSent
Status
StreamChange
StreamChange.Type
StreamReset
StreamReset.Type
StreamResetMask
StreamResetMask.String
UnknownNotification
UnknownNotification.Type
